// Jest Snapshot v1, https://goo.gl/fbAQLP

exports[`Login page component should render component properly 1`] = `
<section
  className="hero is-fullheight"
>
  <div
    className="hero-body"
  >
    <div
      className="container"
    >
      <div
        className="columns is-centered"
      >
        <div
          className="column is-5-tablet is-4-desktop is-3-widescreen"
        >
          <form
            className="box"
            id="loginForm"
            name="loginForm"
            onSubmit={[Function]}
          >
            <div
              className="is-flex is-flex-direction-column m-4"
            >
              <img
                alt="Logo"
                className="is-align-self-center m-2"
              />
              <span
                className="is-size-5"
              >
                My TODO App
              </span>
            </div>
            <div
              className="field"
            >
              <div
                className="control has-icons-left"
              >
                <input
                  className="input"
                  id="username"
                  minLength={3}
                  name="username"
                  placeholder="User"
                  type="text"
                />
                <span
                  className="icon is-small is-left"
                >
                  <i
                    aria-hidden="true"
                    className="fa fa-user"
                  />
                </span>
              </div>
            </div>
            <div
              className="field"
            >
              <div
                className="control has-icons-left"
              >
                <input
                  className="input"
                  id="password"
                  maxLength={16}
                  minLength={8}
                  name="password"
                  placeholder="Password"
                  type="password"
                />
                <span
                  className="icon is-small is-left"
                >
                  <i
                    aria-hidden="true"
                    className="fa fa-lock"
                  />
                </span>
              </div>
            </div>
            <div
              className="field"
            >
              <button
                className="button is-transparent"
                form="loginForm"
                id="submitBtn"
                name="submitBtn"
                type="submit"
              >
                Log in
              </button>
            </div>
          </form>
        </div>
      </div>
    </div>
  </div>
</section>
`;
